<html>
<body>
<pre>
<h1>µVision Build Log</h1>
<h2>Tool Versions:</h2>
IDE-Version: ÂµVision V5.28.0.0
Copyright (C) 2019 ARM Ltd and ARM Germany GmbH. All rights reserved.
License Information: Timur Aminov, TimurAminov, LIC=----
 
Tool Versions:
Toolchain:       MDK-Lite  Version: 5.28.0.0
Toolchain Path:  C:\Program Files\Keil_v5\ARM\ARMCC\Bin
C Compiler:      Armcc.exe V5.06 update 6 (build 750)
Assembler:       Armasm.exe V5.06 update 6 (build 750)
Linker/Locator:  ArmLink.exe V5.06 update 6 (build 750)
Library Manager: ArmAr.exe V5.06 update 6 (build 750)
Hex Converter:   FromElf.exe V5.06 update 6 (build 750)
CPU DLL:         SARM.DLL V5.28.0.0
Dialog DLL:      DARMP.DLL V1.53.0.0
Target DLL:      UL2ARM.DLL V1.74.10.0
Dialog DLL:      TARMP.DLL V1.53.0.0
 
<h2>Project:</h2>
S:\GitHub\computer-architecture\fil1\example1.uvproj
Project File Date:  11/25/2019

<h2>Output:</h2>
*** Using Compiler 'V5.06 update 6 (build 750)', folder: 'C:\Program Files\Keil_v5\ARM\ARMCC\Bin'
Rebuild target 'Target 1'
assembling LPC2300.s...
compiling main.c...
main.c(25): warning:  #1-D: last line of file ends without a newline
  }
main.c(9): warning:  #177-D: variable "n"  was declared but never referenced
  	unsigned int n, k;
main.c(9): warning:  #177-D: variable "k"  was declared but never referenced
  	unsigned int n, k;
main.c: 3 warnings, 0 errors
linking...
Program Size: Code=820 RO-data=0 RW-data=0 ZI-data=1384  
".\example1.axf" - 0 Error(s), 3 Warning(s).
Build Time Elapsed:  00:00:00
</pre>
</body>
</html>
