<html>
<body>
<pre>
<h1>µVision Build Log</h1>
<h2>Project:</h2>
D:\GitHub\computer-architecture\lab3\keil project\example4.uvproj
Project File Date:  12/15/2019

<h2>Output:</h2>
Rebuild target 'Target 1'
assembling LPC2300.s...
compiling MAIN.C...
MAIN.C(124): warning:  #550-D: variable "n" was set but never used
linking...
Program Size: Code=1556 RO-data=0 RW-data=0 ZI-data=1384  
".\example4.axf" - 0 Errors, 1 Warning(s).
Rebuild target 'Target 1'
assembling LPC2300.s...
compiling MAIN.C...
MAIN.C(145): error:  #268: declaration may not appear after executable statement in block
MAIN.C(146): error:  #268: declaration may not appear after executable statement in block
MAIN.C(147): error:  #268: declaration may not appear after executable statement in block
MAIN.C(148): error:  #268: declaration may not appear after executable statement in block
".\example4.axf" - 4 Errors, 0 Warning(s).
Target not created
Rebuild target 'Target 1'
assembling LPC2300.s...
compiling MAIN.C...
linking...
Program Size: Code=1544 RO-data=0 RW-data=0 ZI-data=1384  
".\example4.axf" - 0 Errors, 0 Warning(s).
